// Jest Snapshot v1, https://goo.gl/fbAQLP

exports[`CartItem should match the snapshot 1`] = `
<DocumentFragment>
  <div
    class="flex py-6"
  >
    <div
      class="h-24 w-24 flex-shrink-0 overflow-hidden rounded-md border border-gray-200"
    >
      <img
        alt="test"
        class="h-full w-full object-cover object-center"
        src="/test/img-1.png"
      />
    </div>
    <div
      class="ml-4 flex flex-1 flex-col"
    >
      <div>
        <div
          class="flex justify-between text-base font-medium text-gray-900"
        >
          <h3>
            <span>
               test 
            </span>
          </h3>
          <p
            class="ml-4"
          >
            12
          </p>
        </div>
      </div>
      <div
        class="flex flex-1 items-end justify-between text-sm"
      >
        <p
          class="text-gray-500"
        >
          Qty 1
        </p>
        <div
          class="flex"
        >
          <button
            class="font-medium text-indigo-600 hover:text-indigo-500"
            data-testid="remove-button"
            type="button"
          >
            Remove
          </button>
        </div>
      </div>
    </div>
  </div>
</DocumentFragment>
`;
