// Jest Snapshot v1, https://goo.gl/fbAQLP

exports[`<Header/> Logo should match the snapshot: additional snapshot description 1`] = `
<div
  class="logo"
  data-testid="logo"
>
  Logo
</div>
`;
